Microchip MPLAB XC8 Compiler V1.45 ()

Linker command line:

-W-3 --edf=C:\Program Files (x86)\Microchip\xc8\v1.45\dat\en_msgs.txt -cs \
  -h+dist/default/production\spd1.X.production.sym \
  --cmf=dist/default/production\spd1.X.production.cmf -z -Q16F1827 \
  -oD:\00WinSys\Temp\s9jk.2 -Mdist/default/production/spd1.X.production.map \
  -E1 -ver=XC8 -ASTACK=0209Fh-0216fh -pstack=STACK -ACODE=00h-07FFhx2 \
  -ASTRCODE=00h-0FFFh -ASTRING=00h-0FFhx16 -ACONST=00h-0FFhx16 \
  -AENTRY=00h-0FFhx16 -ACOMMON=070h-07Fh -ABANK0=020h-06Fh \
  -ABANK1=0A0h-0EFh -ABANK2=0120h-016Fh -ABANK3=01A0h-01EFh \
  -ABANK4=0220h-024Fh -ABIGRAM=02000h-0216Fh \
  -ARAM=020h-06Fh,0A0h-0EFh,0120h-016Fh,01A0h-01EFh,0220h-024Fh \
  -AABS1=020h-07Fh,0A0h-0EFh,0120h-016Fh,01A0h-01EFh,0220h-024Fh \
  -ASFR0=00h-01Fh -ASFR1=080h-09Fh -ASFR2=0100h-011Fh -ASFR3=0180h-019Fh \
  -ASFR4=0200h-021Fh -ASFR5=0280h-02EFh -ASFR6=0300h-036Fh \
  -ASFR7=0380h-03EFh -ASFR8=0400h-046Fh -ASFR9=0480h-04EFh \
  -ASFR10=0500h-056Fh -ASFR11=0580h-05EFh -ASFR12=0600h-066Fh \
  -ASFR13=0680h-06EFh -ASFR14=0700h-076Fh -ASFR15=0780h-07EFh \
  -ASFR16=0800h-086Fh -ASFR17=0880h-08EFh -ASFR18=0900h-096Fh \
  -ASFR19=0980h-09EFh -ASFR20=0A00h-0A6Fh -ASFR21=0A80h-0AEFh \
  -ASFR22=0B00h-0B6Fh -ASFR23=0B80h-0BEFh -ASFR24=0C00h-0C6Fh \
  -ASFR25=0C80h-0CEFh -ASFR26=0D00h-0D6Fh -ASFR27=0D80h-0DEFh \
  -ASFR28=0E00h-0E6Fh -ASFR29=0E80h-0EEFh -ASFR30=0F00h-0F6Fh \
  -ASFR31=0F80h-0FEFh -preset_vec=00h,intentry=04h,init,end_init \
  -ppowerup=CODE -pcinit=CODE -pfunctab=ENTRY -ACONFIG=08007h-08008h \
  -pconfig=CONFIG -DCONFIG=2 -AIDLOC=08000h-08003h -pidloc=IDLOC -DIDLOC=2 \
  -AEEDATA=00h-0FFh/0F000h -peeprom_data=EEDATA -DEEDATA=2 -DCODE=2 \
  -DSTRCODE=2 -DSTRING=2 -DCONST=2 -DENTRY=2 -k D:\00WinSys\Temp\s9jk.obj \
  dist/default/production\spd1.X.production.obj 

Object code version is 3.11

Machine type is 16F1827



                Name                               Link     Load   Length Selector   Space Scale
D:\00WinSys\Temp\s9jk.obj
                end_init                             EC       EC        2        8       0
                reset_vec                             0        0        2        0       0
                config                             8007     8007        2    1000E       0
dist/default/production\spd1.X.production.obj
                cinit                                EE       EE       26        8       0
                intentry                              4        4       E8        8       0
                text25                              D14      D14       14     1A28       0
                text24                              E93      E93       64     1D26       0
                text23                              600      600       F6        8       0
                text22                              6F6      6F6       B4        8       0
                text21                              CBE      CBE        9     197C       0
                text20                              F79      F79       87     1EF2       0
                text19                              CEE      CEE       13     19DC       0
                text17                              D42      D42       1B     1A84       0
                text16                              CD0      CD0        F     19A0       0
                text15                              D97      D97       23     1B2E       0
                text14                              E13      E13       3D     1C26       0
                text13                              CC7      CC7        9     198E       0
                text12                              CB9      CB9        5     1972       0
                text11                              DBA      DBA       24     1B74       0
                text10                              D79      D79       1E     1AF2       0
                text9                               D01      D01       13     1A02       0
                text8                               EF7      EF7       82     1DEE       0
                text7                               DDE      DDE       35     1BBC       0
                text6                               D28      D28       1A     1A50       0
                text5                               7AA      7AA       53        8       0
                text4                               E50      E50       43     1CA0       0
                text3                               D5D      D5D       1C     1ABA       0
                text2                               CDF      CDF        F     19BE       0
                text1                               473      473      18D        8       0
                maintext                            114      114      35F        8       0
                cstackBANK0                          20       20       33       20       1
                cstackCOMMON                         70       70        C       70       1
                cstackBANK1                          A0       A0       49       A0       1
                bssBANK1                             E9       E9        6       A0       1
                dataBANK0                            63       63        4       20       1
                bssBANK0                             53       53        A       20       1
                bssCOMMON                            7C       7C        2       70       1
                stringtext7                         84E      84E        6      FFA       0
                stringtext6                         847      847        7      FFA       0
                stringtext5                         83F      83F        8      FFA       0
                stringtext4                         837      837        8      FFA       0
                stringtext3                         82E      82E        9      FFA       0
                stringtext2                         825      825        9      FFA       0
                nvBANK0                              5D       5D        6       20       1
                stringtext1                         7FD      7FD       28      FFA       0
                idataBANK0                          CB5      CB5        4     196A       0

TOTAL           Name                               Link     Load   Length     Space
        CLASS   STACK          

        CLASS   CODE           
                end_init                             EC       EC        2         0
                cinit                                EE       EE       26         0
                intentry                              4        4       E8         0
                reset_vec                             0        0        2         0
                text25                              D14      D14       14         0
                text24                              E93      E93       64         0
                text23                              600      600       F6         0
                text22                              6F6      6F6       B4         0
                text21                              CBE      CBE        9         0
                text20                              F79      F79       87         0
                text19                              CEE      CEE       13         0
                text17                              D42      D42       1B         0
                text16                              CD0      CD0        F         0
                text15                              D97      D97       23         0
                text14                              E13      E13       3D         0
                text13                              CC7      CC7        9         0
                text12                              CB9      CB9        5         0
                text11                              DBA      DBA       24         0
                text10                              D79      D79       1E         0
                text9                               D01      D01       13         0
                text8                               EF7      EF7       82         0
                text7                               DDE      DDE       35         0
                text6                               D28      D28       1A         0
                text5                               7AA      7AA       53         0
                text4                               E50      E50       43         0
                text3                               D5D      D5D       1C         0
                text2                               CDF      CDF        F         0
                text1                               473      473      18D         0
                maintext                            114      114      35F         0
                idataBANK0                          CB5      CB5        4         0

        CLASS   STRCODE        
                stringtext7                         84E      84E        6         0
                stringtext6                         847      847        7         0
                stringtext5                         83F      83F        8         0
                stringtext4                         837      837        8         0
                stringtext3                         82E      82E        9         0
                stringtext2                         825      825        9         0
                stringtext1                         7FD      7FD       28         0

        CLASS   STRING         

        CLASS   CONST          

        CLASS   ENTRY          

        CLASS   COMMON         
                cstackCOMMON                         70       70        C         1
                bssCOMMON                            7C       7C        2         1

        CLASS   BANK0          
                cstackBANK0                          20       20       33         1
                dataBANK0                            63       63        4         1
                bssBANK0                             53       53        A         1
                nvBANK0                              5D       5D        6         1

        CLASS   BANK1          
                cstackBANK1                          A0       A0       49         1
                bssBANK1                             E9       E9        6         1

        CLASS   BANK2          

        CLASS   BANK3          

        CLASS   BANK4          

        CLASS   BIGRAM         

        CLASS   RAM            

        CLASS   ABS1           
                abs_s1                               7E       7E        2         1

        CLASS   SFR0           

        CLASS   SFR1           

        CLASS   SFR2           

        CLASS   SFR3           

        CLASS   SFR4           

        CLASS   SFR5           

        CLASS   SFR6           

        CLASS   SFR7           

        CLASS   SFR8           

        CLASS   SFR9           

        CLASS   SFR10          

        CLASS   SFR11          

        CLASS   SFR12          

        CLASS   SFR13          

        CLASS   SFR14          

        CLASS   SFR15          

        CLASS   SFR16          

        CLASS   SFR17          

        CLASS   SFR18          

        CLASS   SFR19          

        CLASS   SFR20          

        CLASS   SFR21          

        CLASS   SFR22          

        CLASS   SFR23          

        CLASS   SFR24          

        CLASS   SFR25          

        CLASS   SFR26          

        CLASS   SFR27          

        CLASS   SFR28          

        CLASS   SFR29          

        CLASS   SFR30          

        CLASS   SFR31          

        CLASS   CONFIG         
                config                             8007     8007        2         0

        CLASS   IDLOC          

        CLASS   EEDATA         

        CLASS   BANK31         

        CLASS   BANK30         

        CLASS   BANK29         

        CLASS   BANK28         

        CLASS   BANK27         

        CLASS   BANK26         

        CLASS   BANK25         

        CLASS   BANK24         

        CLASS   BANK23         

        CLASS   BANK22         

        CLASS   BANK21         

        CLASS   BANK20         

        CLASS   BANK19         

        CLASS   BANK18         

        CLASS   BANK17         

        CLASS   BANK16         

        CLASS   BANK15         

        CLASS   BANK14         

        CLASS   BANK13         

        CLASS   BANK12         

        CLASS   BANK11         

        CLASS   BANK10         

        CLASS   BANK9          

        CLASS   BANK8          

        CLASS   BANK7          

        CLASS   BANK6          

        CLASS   BANK5          



SEGMENTS        Name                           Load    Length   Top    Selector   Space  Class     Delta

                reset_vec                      000000  000002  000002         0       0  CODE        2
                intentry                       000004  0007F9  0007FD         8       0  CODE        2
                cstackBANK0                    000020  000047  000067        20       1  BANK0       1
                cstackCOMMON                   000070  00000E  00007E        70       1  COMMON      1
                cstackBANK1                    0000A0  00004F  0000EF        A0       1  BANK1       1
                stringtext1                    0007FD  000057  000854       FFA       0  STRCODE     2
                idataBANK0                     000CB5  000004  000CB9      196A       0  CODE        2
                text12                         000CB9  000005  000CBE      1972       0  CODE        2
                text21                         000CBE  000009  000CC7      197C       0  CODE        2
                text13                         000CC7  000009  000CD0      198E       0  CODE        2
                text16                         000CD0  00000F  000CDF      19A0       0  CODE        2
                text2                          000CDF  00000F  000CEE      19BE       0  CODE        2
                text19                         000CEE  000013  000D01      19DC       0  CODE        2
                text9                          000D01  000013  000D14      1A02       0  CODE        2
                text25                         000D14  000014  000D28      1A28       0  CODE        2
                text6                          000D28  00001A  000D42      1A50       0  CODE        2
                text17                         000D42  00001B  000D5D      1A84       0  CODE        2
                text3                          000D5D  00001C  000D79      1ABA       0  CODE        2
                text10                         000D79  00001E  000D97      1AF2       0  CODE        2
                text15                         000D97  000023  000DBA      1B2E       0  CODE        2
                text11                         000DBA  000024  000DDE      1B74       0  CODE        2
                text7                          000DDE  000035  000E13      1BBC       0  CODE        2
                text14                         000E13  00003D  000E50      1C26       0  CODE        2
                text4                          000E50  000043  000E93      1CA0       0  CODE        2
                text24                         000E93  000064  000EF7      1D26       0  CODE        2
                text8                          000EF7  000082  000F79      1DEE       0  CODE        2
                text20                         000F79  000087  001000      1EF2       0  CODE        2
                config                         008007  000002  008009     1000E       0  CONFIG      2


UNUSED ADDRESS RANGES

        Name                Unused          Largest block    Delta
        BANK0            00067-0006F               9           1
        BANK1            000EF-000EF               1           1
        BANK2            00120-0016F              50           1
        BANK3            001A0-001EF              50           1
        BANK4            00220-0024F              30           1
        BIGRAM           02000-0216F             170           1
        CODE             00002-00003               2           2
                         00854-00CB4             461
        CONST            00002-00003               2           2
                         00854-00CB4             100
        EEDATA           0F000-0F0FF             100           2
        ENTRY            00002-00003               2           2
                         00854-00CB4             100
        IDLOC            08000-08003               4           2
        RAM              00067-0006F               9           1
                         000EF-000EF               1
                         00120-0016F              50
                         001A0-001EF              50
                         00220-0024F              30
        SFR0             00000-0001F              20           1
        SFR1             00080-0009F              20           1
        SFR10            00500-0056F              70           1
        SFR11            00580-005EF              70           1
        SFR12            00600-0066F              70           1
        SFR13            00680-006EF              70           1
        SFR14            00700-0076F              70           1
        SFR15            00780-007EF              70           1
        SFR16            00800-0086F              70           1
        SFR17            00880-008EF              70           1
        SFR18            00900-0096F              70           1
        SFR19            00980-009EF              70           1
        SFR2             00100-0011F              20           1
        SFR20            00A00-00A6F              70           1
        SFR21            00A80-00AEF              70           1
        SFR22            00B00-00B6F              70           1
        SFR23            00B80-00BEF              70           1
        SFR24            00C00-00C6F              70           1
        SFR25            00C80-00CEF              70           1
        SFR26            00D00-00D6F              70           1
        SFR27            00D80-00DEF              70           1
        SFR28            00E00-00E6F              70           1
        SFR29            00E80-00EEF              70           1
        SFR3             00180-0019F              20           1
        SFR30            00F00-00F6F              70           1
        SFR31            00F80-00FEF              70           1
        SFR4             00200-0021F              20           1
        SFR5             00280-002EF              70           1
        SFR6             00300-0036F              70           1
        SFR7             00380-003EF              70           1
        SFR8             00400-0046F              70           1
        SFR9             00480-004EF              70           1
        STACK            0209F-0216F              D1           1
        STRCODE          00002-00003               2           2
                         00854-00CB4             461
        STRING           00002-00003               2           2
                         00854-00CB4             100

                                  Symbol Table

?_I2C_Start               cstackBANK1  000A2
?___ftadd                 cstackBANK0  00033
?___ftmul                 cstackBANK0  00020
?___ftneg                 cstackBANK0  00030
?___ftpack                cstackCOMMON 00070
?___fttol                 cstackBANK0  00040
?___lldiv                 cstackBANK1  000A0
?___llmod                 cstackBANK1  000AE
?___lwtoft                cstackCOMMON 00078
?___wmul                  cstackBANK1  000A0
?_sprintf                 cstackBANK1  000B8
I2C_IdleCheck@mask        cstackBANK1  000A1
I2C_Send@dt               cstackBANK1  000A2
I2C_Start@adrs            cstackBANK1  000A2
I2C_Start@rw              cstackBANK1  000A4
InitI2C_Master@speed      cstackBANK1  000A0
InterFunction@spdpl       bssBANK0     00053
InterFunction@widbuf      bssBANK0     0005B
InterFunction@width       bssBANK0     0005C
LCD_Init@bon              cstackBANK1  000B0
LCD_Init@colsu            cstackBANK1  000B2
LCD_Init@contrast         cstackBANK1  000AE
LCD_Init@d                cstackBANK1  000B9
LCD_Init@icon             cstackBANK1  000AC
LCD_Puts@ans              cstackBANK1  000AB
LCD_Puts@s                cstackBANK1  000A8
LCD_SetCursor@F2852       dataBANK0    00063
LCD_SetCursor@col         cstackBANK1  000AB
LCD_SetCursor@row         cstackBANK1  000AD
LCD_SetCursor@row_offsets cstackBANK1  000AF
Wait10ms@num              cstackBANK1  000A0
_ANSELA                   (abs)        0018C
_ANSELB                   (abs)        0018D
_AckCheck                 bssBANK0     00057
_BCL1IE                   (abs)        00493
_BCL1IF                   (abs)        00093
_C1IE                     (abs)        00495
_C1IF                     (abs)        00095
_C1OUT                    (abs)        0088E
_CARRY                    (abs)        00018
_CM1CON0                  (abs)        00111
_CM1CON1                  (abs)        00112
_CollisionCheck           bssBANK1     000E9
_ContSet_DT               bssBANK0     00059
_DACCON0                  (abs)        00118
_DACCON1                  (abs)        00119
_EEADR                    (abs)        00191
_EECON1                   (abs)        00195
_EECON2                   (abs)        00196
_EEDATA                   (abs)        00193
_FuncSet_DT               bssBANK1     000EB
_GIE                      (abs)        0005F
_I2C_IdleCheck            text16       00CD0
_I2C_Send                 text15       00D97
_I2C_Start                text14       00E13
_I2C_Stop                 text13       00CC7
_INTCON                   (abs)        0000B
_InitI2C_Master           text17       00D42
_InterFunction            intentry     00004
_InterI2C                 text25       00D14
_LCD_Clear                text10       00D79
_LCD_ColumnSu             bssCOMMON    0007C
_LCD_Init                 text8        00EF7
_LCD_NowPage              bssBANK1     000ED
_LCD_Puts                 text7        00DDE
_LCD_SetCursor            text6        00D28
_OPTION_REG               (abs)        00095
_OSCCON                   (abs)        00099
_PEIE                     (abs)        0005E
_PORTA                    (abs)        0000C
_PORTB                    (abs)        0000D
_PR2                      (abs)        0001B
_PR4                      (abs)        00416
_RA1                      (abs)        00061
_RB3                      (abs)        0006B
_RB7                      (abs)        0006F
_RD                       (abs)        00CA8
_SSP1ADD                  (abs)        00212
_SSP1BUF                  (abs)        00211
_SSP1CON1                 (abs)        00215
_SSP1CON2                 (abs)        00216
_SSP1CON2bits             (abs)        00216
_SSP1IE                   (abs)        0048B
_SSP1IF                   (abs)        0008B
_SSP1STAT                 (abs)        00214
_SSP1STATbits             (abs)        00214
_T1CON                    (abs)        00018
_T2CON                    (abs)        0001C
_T4CON                    (abs)        00417
_TMR1H                    (abs)        00017
_TMR1IE                   (abs)        00488
_TMR1IF                   (abs)        00088
_TMR1L                    (abs)        00016
_TMR2IE                   (abs)        00489
_TMR2IF                   (abs)        00089
_TMR4                     (abs)        00415
_TMR4IE                   (abs)        00499
_TMR4IF                   (abs)        00099
_TMR4ON                   (abs)        020BA
_TRISA                    (abs)        0008C
_TRISB                    (abs)        0008D
_WPUB                     (abs)        0020D
_WR                       (abs)        00CA9
_WREN                     (abs)        00CAA
_Wait10ms                 text9        00D01
_Wait27us                 text12       00CB9
__CFG_BOREN$ON            (abs)        00000
__CFG_BORV$HI             (abs)        00000
__CFG_CLKOUTEN$OFF        (abs)        00000
__CFG_CP$OFF              (abs)        00000
__CFG_CPD$OFF             (abs)        00000
__CFG_FCMEN$OFF           (abs)        00000
__CFG_FOSC$ECH            (abs)        00000
__CFG_IESO$OFF            (abs)        00000
__CFG_LVP$OFF             (abs)        00000
__CFG_MCLRE$OFF           (abs)        00000
__CFG_PLLEN$OFF           (abs)        00000
__CFG_PWRTE$ON            (abs)        00000
__CFG_STVREN$ON           (abs)        00000
__CFG_WDTE$OFF            (abs)        00000
__CFG_WRT$OFF             (abs)        00000
__Habs1                   abs1         00000
__Hbank0                  bank0        00000
__Hbank1                  bank1        00000
__Hbank10                 bank10       00000
__Hbank11                 bank11       00000
__Hbank12                 bank12       00000
__Hbank13                 bank13       00000
__Hbank14                 bank14       00000
__Hbank15                 bank15       00000
__Hbank16                 bank16       00000
__Hbank17                 bank17       00000
__Hbank18                 bank18       00000
__Hbank19                 bank19       00000
__Hbank2                  bank2        00000
__Hbank20                 bank20       00000
__Hbank21                 bank21       00000
__Hbank22                 bank22       00000
__Hbank23                 bank23       00000
__Hbank24                 bank24       00000
__Hbank25                 bank25       00000
__Hbank26                 bank26       00000
__Hbank27                 bank27       00000
__Hbank28                 bank28       00000
__Hbank29                 bank29       00000
__Hbank3                  bank3        00000
__Hbank30                 bank30       00000
__Hbank31                 bank31       00000
__Hbank4                  bank4        00000
__Hbank5                  bank5        00000
__Hbank6                  bank6        00000
__Hbank7                  bank7        00000
__Hbank8                  bank8        00000
__Hbank9                  bank9        00000
__Hbigram                 bigram       00000
__HbssBANK0               bssBANK0     00000
__HbssBANK1               bssBANK1     00000
__HbssCOMMON              bssCOMMON    00000
__Hcinit                  cinit        00114
__Hclrtext                clrtext      00000
__Hcode                   code         00000
__Hcommon                 common       00000
__Hconfig                 config       08009
__HcstackBANK0            cstackBANK0  00000
__HcstackBANK1            cstackBANK1  00000
__HcstackCOMMON           cstackCOMMON 00000
__HdataBANK0              dataBANK0    00000
__Heeprom_data            eeprom_data  00000
__Hend_init               end_init     000EE
__Hfunctab                functab      00000
__HidataBANK0             idataBANK0   00000
__Hidloc                  idloc        00000
__Hinit                   init         000EC
__Hintentry               intentry     000EC
__Hmaintext               maintext     00000
__HnvBANK0                nvBANK0      00000
__Hpowerup                powerup      00000
__Hram                    ram          00000
__Hreset_vec              reset_vec    00002
__Hsfr0                   sfr0         00000
__Hsfr1                   sfr1         00000
__Hsfr10                  sfr10        00000
__Hsfr11                  sfr11        00000
__Hsfr12                  sfr12        00000
__Hsfr13                  sfr13        00000
__Hsfr14                  sfr14        00000
__Hsfr15                  sfr15        00000
__Hsfr16                  sfr16        00000
__Hsfr17                  sfr17        00000
__Hsfr18                  sfr18        00000
__Hsfr19                  sfr19        00000
__Hsfr2                   sfr2         00000
__Hsfr20                  sfr20        00000
__Hsfr21                  sfr21        00000
__Hsfr22                  sfr22        00000
__Hsfr23                  sfr23        00000
__Hsfr24                  sfr24        00000
__Hsfr25                  sfr25        00000
__Hsfr26                  sfr26        00000
__Hsfr27                  sfr27        00000
__Hsfr28                  sfr28        00000
__Hsfr29                  sfr29        00000
__Hsfr3                   sfr3         00000
__Hsfr30                  sfr30        00000
__Hsfr31                  sfr31        00000
__Hsfr4                   sfr4         00000
__Hsfr5                   sfr5         00000
__Hsfr6                   sfr6         00000
__Hsfr7                   sfr7         00000
__Hsfr8                   sfr8         00000
__Hsfr9                   sfr9         00000
__Hspace_0                (abs)        08009
__Hspace_1                (abs)        000EF
__Hspace_2                (abs)        00000
__Hspace_3                (abs)        00000
__Hstack                  stack        00000
__Hstrings                strings      00000
__Hstringtext1            stringtext1  00000
__Hstringtext2            stringtext2  00000
__Hstringtext3            stringtext3  00000
__Hstringtext4            stringtext4  00000
__Hstringtext5            stringtext5  00000
__Hstringtext6            stringtext6  00000
__Hstringtext7            stringtext7  00000
__Hstringtext8            stringtext8  00000
__Htext                   text         00000
__Labs1                   abs1         00000
__Lbank0                  bank0        00000
__Lbank1                  bank1        00000
__Lbank10                 bank10       00000
__Lbank11                 bank11       00000
__Lbank12                 bank12       00000
__Lbank13                 bank13       00000
__Lbank14                 bank14       00000
__Lbank15                 bank15       00000
__Lbank16                 bank16       00000
__Lbank17                 bank17       00000
__Lbank18                 bank18       00000
__Lbank19                 bank19       00000
__Lbank2                  bank2        00000
__Lbank20                 bank20       00000
__Lbank21                 bank21       00000
__Lbank22                 bank22       00000
__Lbank23                 bank23       00000
__Lbank24                 bank24       00000
__Lbank25                 bank25       00000
__Lbank26                 bank26       00000
__Lbank27                 bank27       00000
__Lbank28                 bank28       00000
__Lbank29                 bank29       00000
__Lbank3                  bank3        00000
__Lbank30                 bank30       00000
__Lbank31                 bank31       00000
__Lbank4                  bank4        00000
__Lbank5                  bank5        00000
__Lbank6                  bank6        00000
__Lbank7                  bank7        00000
__Lbank8                  bank8        00000
__Lbank9                  bank9        00000
__Lbigram                 bigram       00000
__LbssBANK0               bssBANK0     00000
__LbssBANK1               bssBANK1     00000
__LbssCOMMON              bssCOMMON    00000
__Lcinit                  cinit        000EE
__Lclrtext                clrtext      00000
__Lcode                   code         00000
__Lcommon                 common       00000
__Lconfig                 config       08007
__LcstackBANK0            cstackBANK0  00000
__LcstackBANK1            cstackBANK1  00000
__LcstackCOMMON           cstackCOMMON 00000
__LdataBANK0              dataBANK0    00000
__Leeprom_data            eeprom_data  00000
__Lend_init               end_init     000EC
__Lfunctab                functab      00000
__LidataBANK0             idataBANK0   00000
__Lidloc                  idloc        00000
__Linit                   init         000EC
__Lintentry               intentry     00004
__Lmaintext               maintext     00000
__LnvBANK0                nvBANK0      00000
__Lpowerup                powerup      00000
__Lram                    ram          00000
__Lreset_vec              reset_vec    00000
__Lsfr0                   sfr0         00000
__Lsfr1                   sfr1         00000
__Lsfr10                  sfr10        00000
__Lsfr11                  sfr11        00000
__Lsfr12                  sfr12        00000
__Lsfr13                  sfr13        00000
__Lsfr14                  sfr14        00000
__Lsfr15                  sfr15        00000
__Lsfr16                  sfr16        00000
__Lsfr17                  sfr17        00000
__Lsfr18                  sfr18        00000
__Lsfr19                  sfr19        00000
__Lsfr2                   sfr2         00000
__Lsfr20                  sfr20        00000
__Lsfr21                  sfr21        00000
__Lsfr22                  sfr22        00000
__Lsfr23                  sfr23        00000
__Lsfr24                  sfr24        00000
__Lsfr25                  sfr25        00000
__Lsfr26                  sfr26        00000
__Lsfr27                  sfr27        00000
__Lsfr28                  sfr28        00000
__Lsfr29                  sfr29        00000
__Lsfr3                   sfr3         00000
__Lsfr30                  sfr30        00000
__Lsfr31                  sfr31        00000
__Lsfr4                   sfr4         00000
__Lsfr5                   sfr5         00000
__Lsfr6                   sfr6         00000
__Lsfr7                   sfr7         00000
__Lsfr8                   sfr8         00000
__Lsfr9                   sfr9         00000
__Lspace_0                (abs)        00000
__Lspace_1                (abs)        00000
__Lspace_2                (abs)        00000
__Lspace_3                (abs)        00000
__Lstack                  stack        00000
__Lstrings                strings      00000
__Lstringtext1            stringtext1  00000
__Lstringtext2            stringtext2  00000
__Lstringtext3            stringtext3  00000
__Lstringtext4            stringtext4  00000
__Lstringtext5            stringtext5  00000
__Lstringtext6            stringtext6  00000
__Lstringtext7            stringtext7  00000
__Lstringtext8            stringtext8  00000
__Ltext                   text         00000
__S0                      (abs)        08009
__S1                      (abs)        000EF
__S2                      (abs)        00000
__S3                      (abs)        00000
___ftadd                  text23       00600
___ftadd@exp1             cstackBANK0  0003F
___ftadd@exp2             cstackBANK0  0003E
___ftadd@f1               cstackBANK0  00033
___ftadd@f2               cstackBANK0  00036
___ftadd@sign             cstackBANK0  0003D
___ftmul                  text22       006F6
___ftmul@cntr             cstackBANK0  0002E
___ftmul@exp              cstackBANK0  0002A
___ftmul@f1               cstackBANK0  00020
___ftmul@f2               cstackBANK0  00023
___ftmul@f3_as_product    cstackBANK0  0002B
___ftmul@sign             cstackBANK0  0002F
___ftneg                  text21       00CBE
___ftneg@f1               cstackBANK0  00030
___ftpack                 text24       00E93
___ftpack@arg             cstackCOMMON 00070
___ftpack@exp             cstackCOMMON 00073
___ftpack@sign            cstackCOMMON 00074
___fttol                  text20       00F79
___fttol@exp1             cstackBANK0  0004D
___fttol@f1               cstackBANK0  00040
___fttol@lval             cstackBANK0  00049
___fttol@sign1            cstackBANK0  00048
___int_sp                 stack        00000
___latbits                (abs)        00001
___lldiv                  text5        007AA
___lldiv@counter          cstackBANK1  000AD
___lldiv@dividend         cstackBANK1  000A4
___lldiv@divisor          cstackBANK1  000A0
___lldiv@quotient         cstackBANK1  000A9
___llmod                  text4        00E50
___llmod@counter          cstackBANK1  000B7
___llmod@dividend         cstackBANK1  000B2
___llmod@divisor          cstackBANK1  000AE
___lwtoft                 text19       00CEE
___lwtoft@c               cstackCOMMON 00078
___sp                     stack        00000
___wmul                   text3        00D5D
___wmul@multiplicand      cstackBANK1  000A2
___wmul@multiplier        cstackBANK1  000A0
___wmul@product           cstackBANK1  000A4
__end_of_I2C_IdleCheck    text16       00CDF
__end_of_I2C_Send         text15       00DBA
__end_of_I2C_Start        text14       00E50
__end_of_I2C_Stop         text13       00CD0
__end_of_InitI2C_Master   text17       00D5D
__end_of_InterFunction    intentry     000EC
__end_of_InterI2C         text25       00D28
__end_of_LCD_Clear        text10       00D97
__end_of_LCD_Init         text8        00F79
__end_of_LCD_Puts         text7        00E13
__end_of_LCD_SetCursor    text6        00D42
__end_of_Wait10ms         text9        00D14
__end_of_Wait27us         text12       00CBE
__end_of___ftadd          text23       006F6
__end_of___ftmul          text22       007AA
__end_of___ftneg          text21       00CC7
__end_of___ftpack         text24       00EF7
__end_of___fttol          text20       01000
__end_of___lldiv          text5        007FD
__end_of___llmod          text4        00E93
__end_of___lwtoft         text19       00D01
__end_of___wmul           text3        00D79
__end_of__initialization  cinit        00110
__end_of_command          text11       00DDE
__end_of_dpowers          stringtext1  00825
__end_of_isdigit          text2        00CEE
__end_of_main             maintext     00473
__end_of_sprintf          text1        00600
__initialization          cinit        000EE
__pbssBANK0               bssBANK0     00053
__pbssBANK1               bssBANK1     000E9
__pbssCOMMON              bssCOMMON    0007C
__pcstackBANK0            cstackBANK0  00020
__pcstackBANK1            cstackBANK1  000A0
__pcstackCOMMON           cstackCOMMON 00070
__pdataBANK0              dataBANK0    00063
__pidataBANK0             idataBANK0   00CB5
__pintentry               intentry     00004
__pmaintext               maintext     00114
__pnvBANK0                nvBANK0      0005D
__pstringtext1            stringtext1  007FD
__pstringtext2            stringtext2  00825
__pstringtext3            stringtext3  0082E
__pstringtext4            stringtext4  00837
__pstringtext5            stringtext5  0083F
__pstringtext6            stringtext6  00847
__pstringtext7            stringtext7  0084E
__pstringtext8            stringtext8  00000
__ptext1                  text1        00473
__ptext10                 text10       00D79
__ptext11                 text11       00DBA
__ptext12                 text12       00CB9
__ptext13                 text13       00CC7
__ptext14                 text14       00E13
__ptext15                 text15       00D97
__ptext16                 text16       00CD0
__ptext17                 text17       00D42
__ptext19                 text19       00CEE
__ptext2                  text2        00CDF
__ptext20                 text20       00F79
__ptext21                 text21       00CBE
__ptext22                 text22       006F6
__ptext23                 text23       00600
__ptext24                 text24       00E93
__ptext25                 text25       00D14
__ptext3                  text3        00D5D
__ptext4                  text4        00E50
__ptext5                  text5        007AA
__ptext6                  text6        00D28
__ptext7                  text7        00DDE
__ptext8                  text8        00EF7
__ptext9                  text9        00D01
__size_of_I2C_IdleCheck   (abs)        00000
__size_of_I2C_Send        (abs)        00000
__size_of_I2C_Start       (abs)        00000
__size_of_I2C_Stop        (abs)        00000
__size_of_InitI2C_Master  (abs)        00000
__size_of_InterFunction   (abs)        00000
__size_of_InterI2C        (abs)        00000
__size_of_LCD_Clear       (abs)        00000
__size_of_LCD_Init        (abs)        00000
__size_of_LCD_Puts        (abs)        00000
__size_of_LCD_SetCursor   (abs)        00000
__size_of_Wait10ms        (abs)        00000
__size_of_Wait27us        (abs)        00000
__size_of___ftadd         (abs)        00000
__size_of___ftmul         (abs)        00000
__size_of___ftneg         (abs)        00000
__size_of___ftpack        (abs)        00000
__size_of___fttol         (abs)        00000
__size_of___lldiv         (abs)        00000
__size_of___llmod         (abs)        00000
__size_of___lwtoft        (abs)        00000
__size_of___wmul          (abs)        00000
__size_of_command         (abs)        00000
__size_of_isdigit         (abs)        00000
__size_of_main            (abs)        00000
__size_of_sprintf         (abs)        00000
_command                  text11       00DBA
_dpowers                  stringtext1  007FD
_isdigit                  text2        00CDF
_isdigit$517              cstackBANK1  000A0
_main                     maintext     00114
_odo                      nvBANK0      0005D
_pulse                    nvBANK0      00061
_spdval                   bssBANK0     00055
_sprintf                  text1        00473
btemp                     (abs)        0007E
command@ans               cstackBANK1  000A8
command@c                 cstackBANK1  000AA
end_of_initialization     cinit        00110
int$flags                 (abs)        0007E
intlevel0                 functab      00000
intlevel1                 functab      00000
intlevel2                 functab      00000
intlevel3                 functab      00000
intlevel4                 functab      00000
intlevel5                 functab      00000
isdigit@c                 cstackBANK1  000A1
main@lcd                  cstackBANK1  000DA
main@od1                  cstackBANK1  000E2
main@od2                  cstackBANK1  000E3
main@od3                  cstackBANK1  000E4
main@pl1                  cstackBANK1  000E5
main@pl2                  cstackBANK1  000E6
main@sw                   cstackBANK1  000E7
reset_vec                 reset_vec    00000
sprintf@ap                cstackBANK1  000CC
sprintf@c                 cstackBANK1  000D1
sprintf@f                 cstackBANK1  000B8
sprintf@flag              cstackBANK1  000CD
sprintf@prec              cstackBANK1  000C6
sprintf@sp                cstackBANK1  000CE
sprintf@val               cstackBANK1  000C8
sprintf@width             cstackBANK1  000CF
stackhi                   (abs)        0216F
stacklo                   (abs)        0209F
start                     init         000EC
start_initialization      cinit        000EE
wtemp0                    (abs)        0007E


FUNCTION INFORMATION:

 *************** function _main *****************
 Defined at:
		line 128 in file "source1.c"
 Parameters:    Size  Location     Type
		None
 Auto vars:     Size  Location     Type
  lcd             8   58[BANK1 ] unsigned char [8]
  sw              2   71[BANK1 ] unsigned int 
  pl2             1   70[BANK1 ] unsigned char 
  pl1             1   69[BANK1 ] unsigned char 
  od3             1   68[BANK1 ] unsigned char 
  od2             1   67[BANK1 ] unsigned char 
  od1             1   66[BANK1 ] unsigned char 
 Return value:  Size  Location     Type
                  1    wreg      void 
 Registers used:
		wreg, fsr0l, fsr0h, fsr1l, fsr1h, status,2, status,0, pclath, cstack
 Tracked objects:
		On entry : 
		On exit  : 
		Unchanged: 
 Data sizes:     COMMON   BANK0   BANK1   BANK2   BANK3   BANK4
      Params:         0       0       0       0       0       0
      Locals:         0       0      15       0       0       0
      Temps:          0       0       8       0       0       0
      Totals:         0       0      23       0       0       0
Total ram usage:       23 bytes
 Hardware stack levels required when called:    8
 This function calls:
		_InitI2C_Master
		_LCD_Clear
		_LCD_Init
		_LCD_Puts
		_LCD_SetCursor
		_sprintf
 This function is called by:
		Startup code after reset
 This function uses a non-reentrant model


 *************** function _sprintf *****************
 Defined at:
		line 492 in file "C:\Program Files (x86)\Microchip\xc8\v1.45\sources\common\doprnt.c"
 Parameters:    Size  Location     Type
  sp              1    wreg     PTR unsigned char 
		 -> main@lcd(8), 
  f               2   24[BANK1 ] PTR const unsigned char 
		 -> STR_3(9), 
 Auto vars:     Size  Location     Type
  sp              1   46[BANK1 ] PTR unsigned char 
		 -> main@lcd(8), 
  val             4   40[BANK1 ] unsigned long 
  tmpval          4    0        struct .
  width           2   47[BANK1 ] int 
  prec            2   38[BANK1 ] int 
  cp              2    0        PTR const unsigned char 
  len             2    0        unsigned int 
  c               1   49[BANK1 ] char 
  flag            1   45[BANK1 ] unsigned char 
  ap              1   44[BANK1 ] PTR void [1]
		 -> ?_sprintf(2), 
 Return value:  Size  Location     Type
                  2   24[BANK1 ] int 
 Registers used:
		wreg, fsr0l, fsr0h, fsr1l, fsr1h, status,2, status,0, pclath, cstack
 Tracked objects:
		On entry : 
		On exit  : 
		Unchanged: 
 Data sizes:     COMMON   BANK0   BANK1   BANK2   BANK3   BANK4
      Params:         0       0       8       0       0       0
      Locals:         0       0      12       0       0       0
      Temps:          0       0       6       0       0       0
      Totals:         0       0      26       0       0       0
Total ram usage:       26 bytes
 Hardware stack levels used:    1
 Hardware stack levels required when called:    4
 This function calls:
		___lldiv
		___llmod
		___wmul
		_isdigit
 This function is called by:
		_main
 This function uses a non-reentrant model


 *************** function _isdigit *****************
 Defined at:
		line 8 in file "C:\Program Files (x86)\Microchip\xc8\v1.45\sources\common\isdigit.c"
 Parameters:    Size  Location     Type
  c               1    wreg     unsigned char 
 Auto vars:     Size  Location     Type
  c               1    1[BANK1 ] unsigned char 
 Return value:  Size  Location     Type
		None               void
 Registers used:
		wreg, status,2, status,0
 Tracked objects:
		On entry : 
		On exit  : 
		Unchanged: 
 Data sizes:     COMMON   BANK0   BANK1   BANK2   BANK3   BANK4
      Params:         0       0       0       0       0       0
      Locals:         0       0       2       0       0       0
      Temps:          0       0       0       0       0       0
      Totals:         0       0       2       0       0       0
Total ram usage:        2 bytes
 Hardware stack levels used:    1
 Hardware stack levels required when called:    3
 This function calls:
		Nothing
 This function is called by:
		_sprintf
 This function uses a non-reentrant model


 *************** function ___wmul *****************
 Defined at:
		line 15 in file "C:\Program Files (x86)\Microchip\xc8\v1.45\sources\common\Umul16.c"
 Parameters:    Size  Location     Type
  multiplier      2    0[BANK1 ] unsigned int 
  multiplicand    2    2[BANK1 ] unsigned int 
 Auto vars:     Size  Location     Type
  product         2    4[BANK1 ] unsigned int 
 Return value:  Size  Location     Type
                  2    0[BANK1 ] unsigned int 
 Registers used:
		wreg, status,2, status,0
 Tracked objects:
		On entry : 
		On exit  : 
		Unchanged: 
 Data sizes:     COMMON   BANK0   BANK1   BANK2   BANK3   BANK4
      Params:         0       0       4       0       0       0
      Locals:         0       0       2       0       0       0
      Temps:          0       0       0       0       0       0
      Totals:         0       0       6       0       0       0
Total ram usage:        6 bytes
 Hardware stack levels used:    1
 Hardware stack levels required when called:    3
 This function calls:
		Nothing
 This function is called by:
		_sprintf
		_LCD_PageSet
		_LCD_PageClear
		_LCD_PageSetCursor
 This function uses a non-reentrant model


 *************** function ___llmod *****************
 Defined at:
		line 6 in file "C:\Program Files (x86)\Microchip\xc8\v1.45\sources\common\llmod.c"
 Parameters:    Size  Location     Type
  divisor         4   14[BANK1 ] unsigned long 
  dividend        4   18[BANK1 ] unsigned long 
 Auto vars:     Size  Location     Type
  counter         1   23[BANK1 ] unsigned char 
 Return value:  Size  Location     Type
                  4   14[BANK1 ] unsigned long 
 Registers used:
		wreg, status,2, status,0
 Tracked objects:
		On entry : 
		On exit  : 
		Unchanged: 
 Data sizes:     COMMON   BANK0   BANK1   BANK2   BANK3   BANK4
      Params:         0       0       8       0       0       0
      Locals:         0       0       1       0       0       0
      Temps:          0       0       1       0       0       0
      Totals:         0       0      10       0       0       0
Total ram usage:       10 bytes
 Hardware stack levels used:    1
 Hardware stack levels required when called:    3
 This function calls:
		Nothing
 This function is called by:
		_sprintf
 This function uses a non-reentrant model


 *************** function ___lldiv *****************
 Defined at:
		line 6 in file "C:\Program Files (x86)\Microchip\xc8\v1.45\sources\common\lldiv.c"
 Parameters:    Size  Location     Type
  divisor         4    0[BANK1 ] unsigned long 
  dividend        4    4[BANK1 ] unsigned long 
 Auto vars:     Size  Location     Type
  quotient        4    9[BANK1 ] unsigned long 
  counter         1   13[BANK1 ] unsigned char 
 Return value:  Size  Location     Type
                  4    0[BANK1 ] unsigned long 
 Registers used:
		wreg, status,2, status,0
 Tracked objects:
		On entry : 
		On exit  : 
		Unchanged: 
 Data sizes:     COMMON   BANK0   BANK1   BANK2   BANK3   BANK4
      Params:         0       0       8       0       0       0
      Locals:         0       0       5       0       0       0
      Temps:          0       0       1       0       0       0
      Totals:         0       0      14       0       0       0
Total ram usage:       14 bytes
 Hardware stack levels used:    1
 Hardware stack levels required when called:    3
 This function calls:
		Nothing
 This function is called by:
		_sprintf
 This function uses a non-reentrant model


 *************** function _LCD_SetCursor *****************
 Defined at:
		line 98 in file "skI2CLCDlib.c"
 Parameters:    Size  Location     Type
  col             2   11[BANK1 ] int 
  row             2   13[BANK1 ] int 
 Auto vars:     Size  Location     Type
  row_offsets     4   15[BANK1 ] int [2]
 Return value:  Size  Location     Type
                  1    wreg      void 
 Registers used:
		wreg, fsr1l, fsr1h, status,2, status,0, pclath, cstack
 Tracked objects:
		On entry : 
		On exit  : 
		Unchanged: 
 Data sizes:     COMMON   BANK0   BANK1   BANK2   BANK3   BANK4
      Params:         0       0       4       0       0       0
      Locals:         0       0       4       0       0       0
      Temps:          0       0       0       0       0       0
      Totals:         0       0       8       0       0       0
Total ram usage:        8 bytes
 Hardware stack levels used:    1
 Hardware stack levels required when called:    6
 This function calls:
		_command
 This function is called by:
		_main
		_LCD_PageClear
		_LCD_PageSetCursor
 This function uses a non-reentrant model


 *************** function _LCD_Puts *****************
 Defined at:
		line 130 in file "skI2CLCDlib.c"
 Parameters:    Size  Location     Type
  s               2    8[BANK1 ] PTR const unsigned char 
		 -> STR_6(6), STR_5(8), STR_4(9), main@lcd(8), 
		 -> STR_2(8), STR_1(7), 
 Auto vars:     Size  Location     Type
  ans             2   11[BANK1 ] int 
 Return value:  Size  Location     Type
                  1    wreg      void 
 Registers used:
		wreg, fsr0l, fsr0h, status,2, status,0, pclath, cstack
 Tracked objects:
		On entry : 
		On exit  : 
		Unchanged: 
 Data sizes:     COMMON   BANK0   BANK1   BANK2   BANK3   BANK4
      Params:         0       0       2       0       0       0
      Locals:         0       0       2       0       0       0
      Temps:          0       0       1       0       0       0
      Totals:         0       0       5       0       0       0
Total ram usage:        5 bytes
 Hardware stack levels used:    1
 Hardware stack levels required when called:    5
 This function calls:
		_I2C_Send
		_I2C_Start
		_I2C_Stop
		_Wait27us
 This function is called by:
		_main
 This function uses a non-reentrant model


 *************** function _LCD_Init *****************
 Defined at:
		line 331 in file "skI2CLCDlib.c"
 Parameters:    Size  Location     Type
  icon            2   12[BANK1 ] int 
  contrast        2   14[BANK1 ] int 
  bon             2   16[BANK1 ] int 
  colsu           2   18[BANK1 ] int 
 Auto vars:     Size  Location     Type
  d               2   25[BANK1 ] unsigned int 
 Return value:  Size  Location     Type
                  1    wreg      void 
 Registers used:
		wreg, status,2, status,0, pclath, cstack
 Tracked objects:
		On entry : 
		On exit  : 
		Unchanged: 
 Data sizes:     COMMON   BANK0   BANK1   BANK2   BANK3   BANK4
      Params:         0       0       8       0       0       0
      Locals:         0       0       2       0       0       0
      Temps:          0       0       5       0       0       0
      Totals:         0       0      15       0       0       0
Total ram usage:       15 bytes
 Hardware stack levels used:    1
 Hardware stack levels required when called:    7
 This function calls:
		_LCD_Clear
		_Wait10ms
		_command
 This function is called by:
		_main
 This function uses a non-reentrant model


 *************** function _Wait10ms *****************
 Defined at:
		line 50 in file "skI2CLCDlib.c"
 Parameters:    Size  Location     Type
  num             2    0[BANK1 ] unsigned int 
 Auto vars:     Size  Location     Type
		None
 Return value:  Size  Location     Type
                  1    wreg      void 
 Registers used:
		wreg, status,2, status,0
 Tracked objects:
		On entry : 
		On exit  : 
		Unchanged: 
 Data sizes:     COMMON   BANK0   BANK1   BANK2   BANK3   BANK4
      Params:         0       0       2       0       0       0
      Locals:         0       0       0       0       0       0
      Temps:          0       0       1       0       0       0
      Totals:         0       0       3       0       0       0
Total ram usage:        3 bytes
 Hardware stack levels used:    1
 Hardware stack levels required when called:    3
 This function calls:
		Nothing
 This function is called by:
		_LCD_Init
 This function uses a non-reentrant model


 *************** function _LCD_Clear *****************
 Defined at:
		line 81 in file "skI2CLCDlib.c"
 Parameters:    Size  Location     Type
		None
 Auto vars:     Size  Location     Type
		None
 Return value:  Size  Location     Type
                  1    wreg      void 
 Registers used:
		wreg, status,2, status,0, pclath, cstack
 Tracked objects:
		On entry : 
		On exit  : 
		Unchanged: 
 Data sizes:     COMMON   BANK0   BANK1   BANK2   BANK3   BANK4
      Params:         0       0       0       0       0       0
      Locals:         0       0       0       0       0       0
      Temps:          0       0       1       0       0       0
      Totals:         0       0       1       0       0       0
Total ram usage:        1 bytes
 Hardware stack levels used:    1
 Hardware stack levels required when called:    6
 This function calls:
		_command
 This function is called by:
		_LCD_Init
		_main
 This function uses a non-reentrant model


 *************** function _command *****************
 Defined at:
		line 62 in file "skI2CLCDlib.c"
 Parameters:    Size  Location     Type
  c               1    wreg     unsigned char 
 Auto vars:     Size  Location     Type
  c               1   10[BANK1 ] unsigned char 
  ans             2    8[BANK1 ] int 
 Return value:  Size  Location     Type
                  1    wreg      void 
 Registers used:
		wreg, status,2, status,0, pclath, cstack
 Tracked objects:
		On entry : 
		On exit  : 
		Unchanged: 
 Data sizes:     COMMON   BANK0   BANK1   BANK2   BANK3   BANK4
      Params:         0       0       0       0       0       0
      Locals:         0       0       3       0       0       0
      Temps:          0       0       0       0       0       0
      Totals:         0       0       3       0       0       0
Total ram usage:        3 bytes
 Hardware stack levels used:    1
 Hardware stack levels required when called:    5
 This function calls:
		_I2C_Send
		_I2C_Start
		_I2C_Stop
		_Wait27us
 This function is called by:
		_LCD_Clear
		_LCD_SetCursor
		_LCD_Init
		_LCD_IconClear
		_LCD_IconOnOff
		_LCD_PageSet
		_LCD_Contrast
 This function uses a non-reentrant model


 *************** function _Wait27us *****************
 Defined at:
		line 57 in file "skI2CLCDlib.c"
 Parameters:    Size  Location     Type
		None
 Auto vars:     Size  Location     Type
		None
 Return value:  Size  Location     Type
                  1    wreg      void 
 Registers used:
		wreg
 Tracked objects:
		On entry : 
		On exit  : 
		Unchanged: 
 Data sizes:     COMMON   BANK0   BANK1   BANK2   BANK3   BANK4
      Params:         0       0       0       0       0       0
      Locals:         0       0       0       0       0       0
      Temps:          0       0       0       0       0       0
      Totals:         0       0       0       0       0       0
Total ram usage:        0 bytes
 Hardware stack levels used:    1
 Hardware stack levels required when called:    3
 This function calls:
		Nothing
 This function is called by:
		_command
		_LCD_Puts
		_LCD_Putc
		_LCD_CreateChar
		_LCD_IconClear
		_LCD_IconOnOff
 This function uses a non-reentrant model


 *************** function _I2C_Stop *****************
 Defined at:
		line 152 in file "skI2Clib.c"
 Parameters:    Size  Location     Type
		None
 Auto vars:     Size  Location     Type
		None
 Return value:  Size  Location     Type
                  2    8[None  ] int 
 Registers used:
		wreg, status,2, status,0, pclath, cstack
 Tracked objects:
		On entry : 
		On exit  : 
		Unchanged: 
 Data sizes:     COMMON   BANK0   BANK1   BANK2   BANK3   BANK4
      Params:         0       0       0       0       0       0
      Locals:         0       0       0       0       0       0
      Temps:          0       0       0       0       0       0
      Totals:         0       0       0       0       0       0
Total ram usage:        0 bytes
 Hardware stack levels used:    1
 Hardware stack levels required when called:    4
 This function calls:
		_I2C_IdleCheck
 This function is called by:
		_command
		_LCD_Puts
		_LCD_Putc
		_LCD_CreateChar
		_LCD_IconClear
		_LCD_IconOnOff
		_I2C_SlaveRead
		_I2C_SlaveWrite
 This function uses a non-reentrant model


 *************** function _I2C_Start *****************
 Defined at:
		line 106 in file "skI2Clib.c"
 Parameters:    Size  Location     Type
  adrs            2    2[BANK1 ] int 
  rw              2    4[BANK1 ] int 
 Auto vars:     Size  Location     Type
		None
 Return value:  Size  Location     Type
                  2    2[BANK1 ] int 
 Registers used:
		wreg, status,2, status,0, pclath, cstack
 Tracked objects:
		On entry : 
		On exit  : 
		Unchanged: 
 Data sizes:     COMMON   BANK0   BANK1   BANK2   BANK3   BANK4
      Params:         0       0       4       0       0       0
      Locals:         0       0       0       0       0       0
      Temps:          0       0       2       0       0       0
      Totals:         0       0       6       0       0       0
Total ram usage:        6 bytes
 Hardware stack levels used:    1
 Hardware stack levels required when called:    4
 This function calls:
		_I2C_IdleCheck
 This function is called by:
		_command
		_LCD_Puts
		_LCD_Putc
		_LCD_CreateChar
		_LCD_IconClear
		_LCD_IconOnOff
		_I2C_SlaveRead
		_I2C_SlaveWrite
 This function uses a non-reentrant model


 *************** function _I2C_Send *****************
 Defined at:
		line 170 in file "skI2Clib.c"
 Parameters:    Size  Location     Type
  dt              1    wreg     unsigned char 
 Auto vars:     Size  Location     Type
  dt              1    2[BANK1 ] unsigned char 
 Return value:  Size  Location     Type
                  2    6[None  ] int 
 Registers used:
		wreg, status,2, status,0, pclath, cstack
 Tracked objects:
		On entry : 
		On exit  : 
		Unchanged: 
 Data sizes:     COMMON   BANK0   BANK1   BANK2   BANK3   BANK4
      Params:         0       0       0       0       0       0
      Locals:         0       0       1       0       0       0
      Temps:          0       0       0       0       0       0
      Totals:         0       0       1       0       0       0
Total ram usage:        1 bytes
 Hardware stack levels used:    1
 Hardware stack levels required when called:    4
 This function calls:
		_I2C_IdleCheck
 This function is called by:
		_command
		_LCD_Puts
		_LCD_Putc
		_LCD_CreateChar
		_LCD_IconClear
		_LCD_IconOnOff
		_I2C_SlaveRead
		_I2C_SlaveWrite
 This function uses a non-reentrant model


 *************** function _I2C_IdleCheck *****************
 Defined at:
		line 46 in file "skI2Clib.c"
 Parameters:    Size  Location     Type
  mask            1    wreg     unsigned char 
 Auto vars:     Size  Location     Type
  mask            1    1[BANK1 ] unsigned char 
 Return value:  Size  Location     Type
                  1    wreg      void 
 Registers used:
		wreg, status,2, status,0
 Tracked objects:
		On entry : 
		On exit  : 
		Unchanged: 
 Data sizes:     COMMON   BANK0   BANK1   BANK2   BANK3   BANK4
      Params:         0       0       0       0       0       0
      Locals:         0       0       1       0       0       0
      Temps:          0       0       1       0       0       0
      Totals:         0       0       2       0       0       0
Total ram usage:        2 bytes
 Hardware stack levels used:    1
 Hardware stack levels required when called:    3
 This function calls:
		Nothing
 This function is called by:
		_I2C_Start
		_I2C_Stop
		_I2C_Send
		_I2C_rStart
		_I2C_Receive
 This function uses a non-reentrant model


 *************** function _InitI2C_Master *****************
 Defined at:
		line 79 in file "skI2Clib.c"
 Parameters:    Size  Location     Type
  speed           2    0[BANK1 ] int 
 Auto vars:     Size  Location     Type
		None
 Return value:  Size  Location     Type
                  1    wreg      void 
 Registers used:
		wreg, status,2, status,0
 Tracked objects:
		On entry : 
		On exit  : 
		Unchanged: 
 Data sizes:     COMMON   BANK0   BANK1   BANK2   BANK3   BANK4
      Params:         0       0       2       0       0       0
      Locals:         0       0       0       0       0       0
      Temps:          0       0       0       0       0       0
      Totals:         0       0       2       0       0       0
Total ram usage:        2 bytes
 Hardware stack levels used:    1
 Hardware stack levels required when called:    3
 This function calls:
		Nothing
 This function is called by:
		_main
 This function uses a non-reentrant model


 *************** function _InterFunction *****************
 Defined at:
		line 56 in file "source1.c"
 Parameters:    Size  Location     Type
		None
 Auto vars:     Size  Location     Type
		None
 Return value:  Size  Location     Type
                  2  327[None  ] unsigned int 
 Registers used:
		wreg, status,2, status,0, pclath, cstack
 Tracked objects:
		On entry : 
		On exit  : 
		Unchanged: 
 Data sizes:     COMMON   BANK0   BANK1   BANK2   BANK3   BANK4
      Params:         0       0       0       0       0       0
      Locals:         0       0       0       0       0       0
      Temps:          0       5       0       0       0       0
      Totals:         0       5       0       0       0       0
Total ram usage:        5 bytes
 Hardware stack levels used:    1
 Hardware stack levels required when called:    2
 This function calls:
		_InterI2C
		___ftadd
		___ftmul
		___ftneg
		___fttol
		___lwtoft
 This function is called by:
		Interrupt level 1
 This function uses a non-reentrant model


 *************** function ___lwtoft *****************
 Defined at:
		line 28 in file "C:\Program Files (x86)\Microchip\xc8\v1.45\sources\common\lwtoft.c"
 Parameters:    Size  Location     Type
  c               2    8[COMMON] unsigned int 
 Auto vars:     Size  Location     Type
		None
 Return value:  Size  Location     Type
                  3    8[COMMON] float 
 Registers used:
		wreg, status,2, status,0, pclath, cstack
 Tracked objects:
		On entry : 
		On exit  : 
		Unchanged: 
 Data sizes:     COMMON   BANK0   BANK1   BANK2   BANK3   BANK4
      Params:         3       0       0       0       0       0
      Locals:         0       0       0       0       0       0
      Temps:          1       0       0       0       0       0
      Totals:         4       0       0       0       0       0
Total ram usage:        4 bytes
 Hardware stack levels used:    1
 Hardware stack levels required when called:    1
 This function calls:
		___ftpack
 This function is called by:
		_InterFunction
 This function uses a non-reentrant model


 *************** function ___fttol *****************
 Defined at:
		line 44 in file "C:\Program Files (x86)\Microchip\xc8\v1.45\sources\common\fttol.c"
 Parameters:    Size  Location     Type
  f1              3   32[BANK0 ] float 
 Auto vars:     Size  Location     Type
  lval            4   41[BANK0 ] unsigned long 
  exp1            1   45[BANK0 ] unsigned char 
  sign1           1   40[BANK0 ] unsigned char 
 Return value:  Size  Location     Type
                  4   32[BANK0 ] long 
 Registers used:
		wreg, status,2, status,0
 Tracked objects:
		On entry : 
		On exit  : 
		Unchanged: 
 Data sizes:     COMMON   BANK0   BANK1   BANK2   BANK3   BANK4
      Params:         0       4       0       0       0       0
      Locals:         0       6       0       0       0       0
      Temps:          0       4       0       0       0       0
      Totals:         0      14       0       0       0       0
Total ram usage:       14 bytes
 Hardware stack levels used:    1
 This function calls:
		Nothing
 This function is called by:
		_InterFunction
 This function uses a non-reentrant model


 *************** function ___ftneg *****************
 Defined at:
		line 15 in file "C:\Program Files (x86)\Microchip\xc8\v1.45\sources\common\ftneg.c"
 Parameters:    Size  Location     Type
  f1              3   16[BANK0 ] float 
 Auto vars:     Size  Location     Type
		None
 Return value:  Size  Location     Type
                  3   16[BANK0 ] float 
 Registers used:
		wreg
 Tracked objects:
		On entry : 
		On exit  : 
		Unchanged: 
 Data sizes:     COMMON   BANK0   BANK1   BANK2   BANK3   BANK4
      Params:         0       3       0       0       0       0
      Locals:         0       0       0       0       0       0
      Temps:          0       0       0       0       0       0
      Totals:         0       3       0       0       0       0
Total ram usage:        3 bytes
 Hardware stack levels used:    1
 This function calls:
		Nothing
 This function is called by:
		_InterFunction
 This function uses a non-reentrant model


 *************** function ___ftmul *****************
 Defined at:
		line 62 in file "C:\Program Files (x86)\Microchip\xc8\v1.45\sources\common\ftmul.c"
 Parameters:    Size  Location     Type
  f1              3    0[BANK0 ] float 
  f2              3    3[BANK0 ] float 
 Auto vars:     Size  Location     Type
  f3_as_produc    3   11[BANK0 ] unsigned um
  sign            1   15[BANK0 ] unsigned char 
  cntr            1   14[BANK0 ] unsigned char 
  exp             1   10[BANK0 ] unsigned char 
 Return value:  Size  Location     Type
                  3    0[BANK0 ] float 
 Registers used:
		wreg, status,2, status,0, pclath, cstack
 Tracked objects:
		On entry : 
		On exit  : 
		Unchanged: 
 Data sizes:     COMMON   BANK0   BANK1   BANK2   BANK3   BANK4
      Params:         0       6       0       0       0       0
      Locals:         0       6       0       0       0       0
      Temps:          0       4       0       0       0       0
      Totals:         0      16       0       0       0       0
Total ram usage:       16 bytes
 Hardware stack levels used:    1
 Hardware stack levels required when called:    1
 This function calls:
		___ftpack
 This function is called by:
		_InterFunction
 This function uses a non-reentrant model


 *************** function ___ftadd *****************
 Defined at:
		line 86 in file "C:\Program Files (x86)\Microchip\xc8\v1.45\sources\common\ftadd.c"
 Parameters:    Size  Location     Type
  f1              3   19[BANK0 ] float 
  f2              3   22[BANK0 ] float 
 Auto vars:     Size  Location     Type
  exp1            1   31[BANK0 ] unsigned char 
  exp2            1   30[BANK0 ] unsigned char 
  sign            1   29[BANK0 ] unsigned char 
 Return value:  Size  Location     Type
                  3   19[BANK0 ] float 
 Registers used:
		wreg, status,2, status,0, pclath, cstack
 Tracked objects:
		On entry : 
		On exit  : 
		Unchanged: 
 Data sizes:     COMMON   BANK0   BANK1   BANK2   BANK3   BANK4
      Params:         0       6       0       0       0       0
      Locals:         0       3       0       0       0       0
      Temps:          0       4       0       0       0       0
      Totals:         0      13       0       0       0       0
Total ram usage:       13 bytes
 Hardware stack levels used:    1
 Hardware stack levels required when called:    1
 This function calls:
		___ftpack
 This function is called by:
		_InterFunction
 This function uses a non-reentrant model


 *************** function ___ftpack *****************
 Defined at:
		line 62 in file "C:\Program Files (x86)\Microchip\xc8\v1.45\sources\common\float.c"
 Parameters:    Size  Location     Type
  arg             3    0[COMMON] unsigned um
  exp             1    3[COMMON] unsigned char 
  sign            1    4[COMMON] unsigned char 
 Auto vars:     Size  Location     Type
		None
 Return value:  Size  Location     Type
                  3    0[COMMON] float 
 Registers used:
		wreg, status,2, status,0
 Tracked objects:
		On entry : 
		On exit  : 
		Unchanged: 
 Data sizes:     COMMON   BANK0   BANK1   BANK2   BANK3   BANK4
      Params:         5       0       0       0       0       0
      Locals:         0       0       0       0       0       0
      Temps:          3       0       0       0       0       0
      Totals:         8       0       0       0       0       0
Total ram usage:        8 bytes
 Hardware stack levels used:    1
 This function calls:
		Nothing
 This function is called by:
		___ftadd
		___ftmul
		___lwtoft
 This function uses a non-reentrant model


 *************** function _InterI2C *****************
 Defined at:
		line 55 in file "skI2Clib.c"
 Parameters:    Size  Location     Type
		None
 Auto vars:     Size  Location     Type
		None
 Return value:  Size  Location     Type
                  1    wreg      void 
 Registers used:
		wreg, status,2, status,0
 Tracked objects:
		On entry : 
		On exit  : 
		Unchanged: 
 Data sizes:     COMMON   BANK0   BANK1   BANK2   BANK3   BANK4
      Params:         0       0       0       0       0       0
      Locals:         0       0       0       0       0       0
      Temps:          0       0       0       0       0       0
      Totals:         0       0       0       0       0       0
Total ram usage:        0 bytes
 Hardware stack levels used:    1
 This function calls:
		Nothing
 This function is called by:
		_InterFunction
 This function uses a non-reentrant model



MODULE INFORMATION

Module		Function		Class		Link	Load	Size
C:\Program Files (x86)\Microchip\xc8\v1.45\sources\common\ftneg.c
		___ftneg       		CODE           	0CBE	0000	10

C:\Program Files (x86)\Microchip\xc8\v1.45\sources\common\ftneg.c estimated size: 10

C:\Program Files (x86)\Microchip\xc8\v1.45\sources\common\float.c
		___ftpack      		CODE           	0E93	0000	101

C:\Program Files (x86)\Microchip\xc8\v1.45\sources\common\float.c estimated size: 101

C:\Program Files (x86)\Microchip\xc8\v1.45\sources\common\doprnt.c
		_sprintf       		CODE           	0473	0000	398

C:\Program Files (x86)\Microchip\xc8\v1.45\sources\common\doprnt.c estimated size: 398

C:\Program Files (x86)\Microchip\xc8\v1.45\sources\common\Umul16.c
		___wmul        		CODE           	0D5D	0000	29

C:\Program Files (x86)\Microchip\xc8\v1.45\sources\common\Umul16.c estimated size: 29

C:\Program Files (x86)\Microchip\xc8\v1.45\sources\common\isdigit.c
		_isdigit       		CODE           	0CDF	0000	16

C:\Program Files (x86)\Microchip\xc8\v1.45\sources\common\isdigit.c estimated size: 16

C:\Program Files (x86)\Microchip\xc8\v1.45\sources\common\ftmul.c
		___ftmul       		CODE           	06F6	0000	181

C:\Program Files (x86)\Microchip\xc8\v1.45\sources\common\ftmul.c estimated size: 181

skI2CLCDlib.c
		_LCD_Init      		CODE           	0EF7	0000	131
		_LCD_Puts      		CODE           	0DDE	0000	54
		_LCD_SetCursor 		CODE           	0D28	0000	27
		_Wait10ms      		CODE           	0D01	0000	20
		_LCD_Clear     		CODE           	0D79	0000	31
		_Wait27us      		CODE           	0CB9	0000	6
		_command       		CODE           	0DBA	0000	37

skI2CLCDlib.c estimated size: 306

C:\Program Files (x86)\Microchip\xc8\v1.45\sources\common\llmod.c
		___llmod       		CODE           	0E50	0000	68

C:\Program Files (x86)\Microchip\xc8\v1.45\sources\common\llmod.c estimated size: 68

shared
		_dpowers       		STRCODE        	07FD	0000	41
		__initialization		CODE           	00EE	0000	35

shared estimated size: 76

C:\Program Files (x86)\Microchip\xc8\v1.45\sources\common\fttol.c
		___fttol       		CODE           	0F79	0000	136

C:\Program Files (x86)\Microchip\xc8\v1.45\sources\common\fttol.c estimated size: 136

C:\Program Files (x86)\Microchip\xc8\v1.45\sources\common\ftadd.c
		___ftadd       		CODE           	0600	0000	247

C:\Program Files (x86)\Microchip\xc8\v1.45\sources\common\ftadd.c estimated size: 247

C:\Program Files (x86)\Microchip\xc8\v1.45\sources\common\lldiv.c
		___lldiv       		CODE           	07AA	0000	84

C:\Program Files (x86)\Microchip\xc8\v1.45\sources\common\lldiv.c estimated size: 84

skI2Clib.c
		_InterI2C      		CODE           	0D14	0000	21
		_I2C_IdleCheck 		CODE           	0CD0	0000	16
		_I2C_Stop      		CODE           	0CC7	0000	10
		_I2C_Send      		CODE           	0D97	0000	36
		_InitI2C_Master		CODE           	0D42	0000	28
		_I2C_Start     		CODE           	0E13	0000	62

skI2Clib.c estimated size: 173

source1.c
		_InterFunction 		CODE           	0004	0000	233
		_main          		CODE           	0114	0000	864

source1.c estimated size: 1097

C:\Program Files (x86)\Microchip\xc8\v1.45\sources\common\lwtoft.c
		___lwtoft      		CODE           	0CEE	0000	20

C:\Program Files (x86)\Microchip\xc8\v1.45\sources\common\lwtoft.c estimated size: 20

